// Jest Snapshot v1, https://goo.gl/fbAQLP

exports[`PropTypesComponent finds component provider 1`] = `
<table>
  <thead>
    <tr>
      <th>
        Property
      </th>
      <th>
        Type
      </th>
      <th>
        Default
      </th>
      <th>
        Required
      </th>
    </tr>
  </thead>
  <tbody>
    <tr>
      <td>
        children
      </td>
      <td>
        node
      </td>
      <td>
        null
      </td>
      <td>
        false
      </td>
    </tr>
    <tr>
      <td>
        string
      </td>
      <td>
        string
      </td>
      <td>
        func
      </td>
      <td>
        true
      </td>
    </tr>
    <tr>
      <td>
        number
      </td>
      <td>
        number
      </td>
      <td>
        10
      </td>
      <td>
        false
      </td>
    </tr>
  </tbody>
</table>
`;
